Archive member included to satisfy reference by file (symbol)

c:/program files/atollic/truestudio for stm32 9.2.0/armtools/bin/../lib/gcc/arm-atollic-eabi/6.3.1/../../../../arm-atollic-eabi/lib/armv7e-m/fpu\libc_nano.a(lib_a-init.o)
                              startup\startup_stm32f302x8.o (__libc_init_array)
c:/program files/atollic/truestudio for stm32 9.2.0/armtools/bin/../lib/gcc/arm-atollic-eabi/6.3.1/../../../../arm-atollic-eabi/lib/armv7e-m/fpu\libc_nano.a(lib_a-malloc.o)
                              MAX6675\MAX6675.o (malloc)
c:/program files/atollic/truestudio for stm32 9.2.0/armtools/bin/../lib/gcc/arm-atollic-eabi/6.3.1/../../../../arm-atollic-eabi/lib/armv7e-m/fpu\libc_nano.a(lib_a-memmove.o)
                              ssd1306\ssd1306_tests.o (memmove)
c:/program files/atollic/truestudio for stm32 9.2.0/armtools/bin/../lib/gcc/arm-atollic-eabi/6.3.1/../../../../arm-atollic-eabi/lib/armv7e-m/fpu\libc_nano.a(lib_a-memset.o)
                              Src\gpio.o (memset)
c:/program files/atollic/truestudio for stm32 9.2.0/armtools/bin/../lib/gcc/arm-atollic-eabi/6.3.1/../../../../arm-atollic-eabi/lib/armv7e-m/fpu\libc_nano.a(lib_a-nano-freer.o)
                              c:/program files/atollic/truestudio for stm32 9.2.0/armtools/bin/../lib/gcc/arm-atollic-eabi/6.3.1/../../../../arm-atollic-eabi/lib/armv7e-m/fpu\libc_nano.a(lib_a-malloc.o) (_free_r)
c:/program files/atollic/truestudio for stm32 9.2.0/armtools/bin/../lib/gcc/arm-atollic-eabi/6.3.1/../../../../arm-atollic-eabi/lib/armv7e-m/fpu\libc_nano.a(lib_a-nano-mallocr.o)
                              c:/program files/atollic/truestudio for stm32 9.2.0/armtools/bin/../lib/gcc/arm-atollic-eabi/6.3.1/../../../../arm-atollic-eabi/lib/armv7e-m/fpu\libc_nano.a(lib_a-malloc.o) (_malloc_r)
c:/program files/atollic/truestudio for stm32 9.2.0/armtools/bin/../lib/gcc/arm-atollic-eabi/6.3.1/../../../../arm-atollic-eabi/lib/armv7e-m/fpu\libc_nano.a(lib_a-sbrkr.o)
                              c:/program files/atollic/truestudio for stm32 9.2.0/armtools/bin/../lib/gcc/arm-atollic-eabi/6.3.1/../../../../arm-atollic-eabi/lib/armv7e-m/fpu\libc_nano.a(lib_a-nano-mallocr.o) (_sbrk_r)
c:/program files/atollic/truestudio for stm32 9.2.0/armtools/bin/../lib/gcc/arm-atollic-eabi/6.3.1/../../../../arm-atollic-eabi/lib/armv7e-m/fpu\libc_nano.a(lib_a-snprintf.o)
                              ssd1306\ssd1306_tests.o (snprintf)
c:/program files/atollic/truestudio for stm32 9.2.0/armtools/bin/../lib/gcc/arm-atollic-eabi/6.3.1/../../../../arm-atollic-eabi/lib/armv7e-m/fpu\libc_nano.a(lib_a-impure.o)
                              c:/program files/atollic/truestudio for stm32 9.2.0/armtools/bin/../lib/gcc/arm-atollic-eabi/6.3.1/../../../../arm-atollic-eabi/lib/armv7e-m/fpu\libc_nano.a(lib_a-malloc.o) (_impure_ptr)
c:/program files/atollic/truestudio for stm32 9.2.0/armtools/bin/../lib/gcc/arm-atollic-eabi/6.3.1/../../../../arm-atollic-eabi/lib/armv7e-m/fpu\libc_nano.a(lib_a-mlock.o)
                              c:/program files/atollic/truestudio for stm32 9.2.0/armtools/bin/../lib/gcc/arm-atollic-eabi/6.3.1/../../../../arm-atollic-eabi/lib/armv7e-m/fpu\libc_nano.a(lib_a-nano-freer.o) (__malloc_lock)
c:/program files/atollic/truestudio for stm32 9.2.0/armtools/bin/../lib/gcc/arm-atollic-eabi/6.3.1/../../../../arm-atollic-eabi/lib/armv7e-m/fpu\libc_nano.a(lib_a-nano-svfprintf.o)
                              c:/program files/atollic/truestudio for stm32 9.2.0/armtools/bin/../lib/gcc/arm-atollic-eabi/6.3.1/../../../../arm-atollic-eabi/lib/armv7e-m/fpu\libc_nano.a(lib_a-snprintf.o) (_svfprintf_r)
c:/program files/atollic/truestudio for stm32 9.2.0/armtools/bin/../lib/gcc/arm-atollic-eabi/6.3.1/../../../../arm-atollic-eabi/lib/armv7e-m/fpu\libc_nano.a(lib_a-nano-vfprintf_i.o)
                              c:/program files/atollic/truestudio for stm32 9.2.0/armtools/bin/../lib/gcc/arm-atollic-eabi/6.3.1/../../../../arm-atollic-eabi/lib/armv7e-m/fpu\libc_nano.a(lib_a-nano-svfprintf.o) (_printf_i)
c:/program files/atollic/truestudio for stm32 9.2.0/armtools/bin/../lib/gcc/arm-atollic-eabi/6.3.1/../../../../arm-atollic-eabi/lib/armv7e-m/fpu\libc_nano.a(lib_a-reent.o)
                              c:/program files/atollic/truestudio for stm32 9.2.0/armtools/bin/../lib/gcc/arm-atollic-eabi/6.3.1/../../../../arm-atollic-eabi/lib/armv7e-m/fpu\libc_nano.a(lib_a-sbrkr.o) (errno)
c:/program files/atollic/truestudio for stm32 9.2.0/armtools/bin/../lib/gcc/arm-atollic-eabi/6.3.1/../../../../arm-atollic-eabi/lib/armv7e-m/fpu\libc_nano.a(lib_a-memchr.o)
                              c:/program files/atollic/truestudio for stm32 9.2.0/armtools/bin/../lib/gcc/arm-atollic-eabi/6.3.1/../../../../arm-atollic-eabi/lib/armv7e-m/fpu\libc_nano.a(lib_a-nano-svfprintf.o) (memchr)
c:/program files/atollic/truestudio for stm32 9.2.0/armtools/bin/../lib/gcc/arm-atollic-eabi/6.3.1/../../../../arm-atollic-eabi/lib/armv7e-m/fpu\libc_nano.a(lib_a-memcpy-stub.o)
[...]
Memory Configuration

Name             Origin             Length             Attributes
RAM              0x20000000         0x00004000         xrw
FLASH            0x08000000         0x00010000         xr
*default*        0x00000000         0xffffffff

Linker script and memory map

LOAD c:/program files/atollic/truestudio for stm32 9.2.0/armtools/bin/../lib/gcc/arm-atollic-eabi/6.3.1/armv7e-m/fpu/crti.o
LOAD c:/program files/atollic/truestudio for stm32 9.2.0/armtools/bin/../lib/gcc/arm-atollic-eabi/6.3.1/armv7e-m/fpu/crtbegin.o
LOAD Drivers\STM32F3xx_HAL_Driver\Src\stm32f3xx_hal.o
LOAD Drivers\STM32F3xx_HAL_Driver\Src\stm32f3xx_hal_cortex.o
LOAD Drivers\STM32F3xx_HAL_Driver\Src\stm32f3xx_hal_dma.o
LOAD Drivers\STM32F3xx_HAL_Driver\Src\stm32f3xx_hal_flash.o
LOAD Drivers\STM32F3xx_HAL_Driver\Src\stm32f3xx_hal_flash_ex.o
LOAD Drivers\STM32F3xx_HAL_Driver\Src\stm32f3xx_hal_gpio.o
LOAD Drivers\STM32F3xx_HAL_Driver\Src\stm32f3xx_hal_i2c.o
LOAD Drivers\STM32F3xx_HAL_Driver\Src\stm32f3xx_hal_i2c_ex.o
LOAD Drivers\STM32F3xx_HAL_Driver\Src\stm32f3xx_hal_pwr.o
LOAD Drivers\STM32F3xx_HAL_Driver\Src\stm32f3xx_hal_pwr_ex.o
LOAD Drivers\STM32F3xx_HAL_Driver\Src\stm32f3xx_hal_rcc.o
LOAD Drivers\STM32F3xx_HAL_Driver\Src\stm32f3xx_hal_rcc_ex.o
LOAD Drivers\STM32F3xx_HAL_Driver\Src\stm32f3xx_hal_spi.o
LOAD Drivers\STM32F3xx_HAL_Driver\Src\stm32f3xx_hal_spi_ex.o
LOAD Drivers\STM32F3xx_HAL_Driver\Src\stm32f3xx_hal_tim.o
LOAD Drivers\STM32F3xx_HAL_Driver\Src\stm32f3xx_hal_tim_ex.o
LOAD Drivers\STM32F3xx_HAL_Driver\Src\stm32f3xx_hal_uart.o
LOAD Drivers\STM32F3xx_HAL_Driver\Src\stm32f3xx_hal_uart_ex.o
LOAD MAX6675\MAX6675.o
LOAD Src\gpio.o
LOAD Src\i2c.o
LOAD Src\main.o
LOAD Src\spi.o
LOAD Src\stm32f3xx_hal_msp.o
LOAD Src\stm32f3xx_it.o
LOAD Src\system_stm32f3xx.o
LOAD Src\usart.o
LOAD ssd1306\ssd1306.o
LOAD ssd1306\ssd1306_fonts.o
LOAD ssd1306\ssd1306_tests.o
LOAD startup\startup_stm32f302x8.o
                0x00000080                malloc_getpagesize_P = 0x80
START GROUP
LOAD c:/program files/atollic/truestudio for stm32 9.2.0/armtools/bin/../lib/gcc/arm-atollic-eabi/6.3.1/../../../../arm-atollic-eabi/lib/armv7e-m/fpu\libc_nano.a
LOAD c:/program files/atollic/truestudio for stm32 9.2.0/armtools/bin/../lib/gcc/arm-atollic-eabi/6.3.1/../../../../arm-atollic-eabi/lib/armv7e-m/fpu\libm.a
END GROUP
START GROUP
LOAD c:/program files/atollic/truestudio for stm32 9.2.0/armtools/bin/../lib/gcc/arm-atollic-eabi/6.3.1/armv7e-m/fpu\libgcc.a
LOAD c:/program files/atollic/truestudio for stm32 9.2.0/armtools/bin/../lib/gcc/arm-atollic-eabi/6.3.1/../../../../arm-atollic-eabi/lib/armv7e-m/fpu\libc_nano.a
END GROUP
START GROUP
LOAD c:/program files/atollic/truestudio for stm32 9.2.0/armtools/bin/../lib/gcc/arm-atollic-eabi/6.3.1/armv7e-m/fpu\libgcc.a
LOAD c:/program files/atollic/truestudio for stm32 9.2.0/armtools/bin/../lib/gcc/arm-atollic-eabi/6.3.1/../../../../arm-atollic-eabi/lib/armv7e-m/fpu\libc_nano.a
LOAD c:/program files/atollic/truestudio for stm32 9.2.0/armtools/bin/../lib/gcc/arm-atollic-eabi/6.3.1/../../../../arm-atollic-eabi/lib/armv7e-m/fpu\libnosys.a
END GROUP
START GROUP
LOAD c:/program files/atollic/truestudio for stm32 9.2.0/armtools/bin/../lib/gcc/arm-atollic-eabi/6.3.1/armv7e-m/fpu\libgcc.a
LOAD c:/program files/atollic/truestudio for stm32 9.2.0/armtools/bin/../lib/gcc/arm-atollic-eabi/6.3.1/../../../../arm-atollic-eabi/lib/armv7e-m/fpu\libc_nano.a
LOAD c:/program files/atollic/truestudio for stm32 9.2.0/armtools/bin/../lib/gcc/arm-atollic-eabi/6.3.1/../../../../arm-atollic-eabi/lib/armv7e-m/fpu\libnosys.a
END GROUP
LOAD c:/program files/atollic/truestudio for stm32 9.2.0/armtools/bin/../lib/gcc/arm-atollic-eabi/6.3.1/armv7e-m/fpu/crtend.o
LOAD c:/program files/atollic/truestudio for stm32 9.2.0/armtools/bin/../lib/gcc/arm-atollic-eabi/6.3.1/armv7e-m/fpu/crtn.o
                0x20004000                _estack = 0x20004000
                0x00000200                _Min_Heap_Size = 0x200
                0x00000400                _Min_Stack_Size = 0x400

.isr_vector     0x08000000      0x188
                0x08000000                . = ALIGN (0x4)
 *(.isr_vector)
 .isr_vector    0x08000000      0x188 startup\startup_stm32f302x8.o
                0x08000000                g_pfnVectors
                0x08000188                . = ALIGN (0x4)

.text           0x08000188     0x1d08
                0x08000188                . = ALIGN (0x4)
 *(.text)
 .text          0x08000188       0x40 c:/program files/atollic/truestudio for stm32 9.2.0/armtools/bin/../lib/gcc/arm-atollic-eabi/6.3.1/armv7e-m/fpu/crtbegin.o
 *(.text*)
 .text.HAL_InitTick
                0x080001c8       0x48 Drivers\STM32F3xx_HAL_Driver\Src\stm32f3xx_hal.o
                0x080001c8                HAL_InitTick
 .text.HAL_Init
                0x08000210       0x24 Drivers\STM32F3xx_HAL_Driver\Src\stm32f3xx_hal.o
                0x08000210                HAL_Init
 .text.HAL_IncTick
                0x08000234       0x18 Drivers\STM32F3xx_HAL_Driver\Src\stm32f3xx_hal.o
                0x08000234                HAL_IncTick
 .text.HAL_GetTick
                0x0800024c        0xc Drivers\STM32F3xx_HAL_Driver\Src\stm32f3xx_hal.o
                0x0800024c                HAL_GetTick
 .text.HAL_Delay
                0x08000258       0x28 Drivers\STM32F3xx_HAL_Driver\Src\stm32f3xx_hal.o
                0x08000258                HAL_Delay
 .text.HAL_NVIC_SetPriorityGrouping
                0x08000280       0x24 Drivers\STM32F3xx_HAL_Driver\Src\stm32f3xx_hal_cortex.o
                0x08000280                HAL_NVIC_SetPriorityGrouping
 .text.HAL_NVIC_SetPriority
                0x080002a4       0x68 Drivers\STM32F3xx_HAL_Driver\Src\stm32f3xx_hal_cortex.o
                0x080002a4                HAL_NVIC_SetPriority
 .text.HAL_SYSTICK_Config
                0x0800030c       0x2c Drivers\STM32F3xx_HAL_Driver\Src\stm32f3xx_hal_cortex.o
                0x0800030c                HAL_SYSTICK_Config
 .text.HAL_GPIO_Init
                0x08000338      0x174 Drivers\STM32F3xx_HAL_Driver\Src\stm32f3xx_hal_gpio.o
                0x08000338                HAL_GPIO_Init
 .text.HAL_GPIO_WritePin
                0x080004ac        0xa Drivers\STM32F3xx_HAL_Driver\Src\stm32f3xx_hal_gpio.o
                0x080004ac                HAL_GPIO_WritePin
 .text.HAL_I2C_Init
                0x080004b6       0xa2 Drivers\STM32F3xx_HAL_Driver\Src\stm32f3xx_hal_i2c.o
                0x080004b6                HAL_I2C_Init
 .text.HAL_I2CEx_ConfigAnalogFilter
                0x08000558       0x4c Drivers\STM32F3xx_HAL_Driver\Src\stm32f3xx_hal_i2c_ex.o
                0x08000558                HAL_I2CEx_ConfigAnalogFilter
 .text.HAL_I2CEx_ConfigDigitalFilter
                0x080005a4       0x4a Drivers\STM32F3xx_HAL_Driver\Src\stm32f3xx_hal_i2c_ex.o
                0x080005a4                HAL_I2CEx_ConfigDigitalFilter
 *fill*         0x080005ee        0x2 
 .text.HAL_RCC_OscConfig
                0x080005f0      0x4ec Drivers\STM32F3xx_HAL_Driver\Src\stm32f3xx_hal_rcc.o
                0x080005f0                HAL_RCC_OscConfig
 .text.HAL_RCC_GetSysClockFreq
                0x08000adc       0x64 Drivers\STM32F3xx_HAL_Driver\Src\stm32f3xx_hal_rcc.o
                0x08000adc                HAL_RCC_GetSysClockFreq
 .text.HAL_RCC_ClockConfig
                0x08000b40      0x154 Drivers\STM32F3xx_HAL_Driver\Src\stm32f3xx_hal_rcc.o
                0x08000b40                HAL_RCC_ClockConfig
 .text.HAL_RCC_GetPCLK1Freq
                0x08000c94       0x30 Drivers\STM32F3xx_HAL_Driver\Src\stm32f3xx_hal_rcc.o
                0x08000c94                HAL_RCC_GetPCLK1Freq
 .text.HAL_RCC_GetPCLK2Freq
                0x08000cc4       0x30 Drivers\STM32F3xx_HAL_Driver\Src\stm32f3xx_hal_rcc.o
                0x08000cc4                HAL_RCC_GetPCLK2Freq
 .text.HAL_RCCEx_PeriphCLKConfig
                0x08000cf4      0x1e4 Drivers\STM32F3xx_HAL_Driver\Src\stm32f3xx_hal_rcc_ex.o
                0x08000cf4                HAL_RCCEx_PeriphCLKConfig
 .text.SPI_WaitFifoStateUntilTimeout.part.1
                0x08000ed8       0x50 Drivers\STM32F3xx_HAL_Driver\Src\stm32f3xx_hal_spi.o
 .text.SPI_WaitFlagStateUntilTimeout.constprop.10
                0x08000f28       0x30 Drivers\STM32F3xx_HAL_Driver\Src\stm32f3xx_hal_spi.o
 .text.SPI_WaitFifoStateUntilTimeout.constprop.11
                0x08000f58       0x40 Drivers\STM32F3xx_HAL_Driver\Src\stm32f3xx_hal_spi.o
 .text.SPI_EndRxTxTransaction
                0x08000f98       0x44 Drivers\STM32F3xx_HAL_Driver\Src\stm32f3xx_hal_spi.o
 .text.SPI_EndRxTransaction
                0x08000fdc       0x6e Drivers\STM32F3xx_HAL_Driver\Src\stm32f3xx_hal_spi.o
 .text.HAL_SPI_Init
                0x0800104a       0xaa Drivers\STM32F3xx_HAL_Driver\Src\stm32f3xx_hal_spi.o
                0x0800104a                HAL_SPI_Init
 .text.HAL_SPI_TransmitReceive
                0x080010f4      0x258 Drivers\STM32F3xx_HAL_Driver\Src\stm32f3xx_hal_spi.o
                0x080010f4                HAL_SPI_TransmitReceive
 .text.HAL_SPI_Receive
                0x0800134c      0x152 Drivers\STM32F3xx_HAL_Driver\Src\stm32f3xx_hal_spi.o
                0x0800134c                HAL_SPI_Receive
 *fill*         0x0800149e        0x2 
 .text.UART_SetConfig
                0x080014a0      0x14c Drivers\STM32F3xx_HAL_Driver\Src\stm32f3xx_hal_uart.o
                0x080014a0                UART_SetConfig
 .text.UART_AdvFeatureConfig
                0x080015ec       0xa8 Drivers\STM32F3xx_HAL_Driver\Src\stm32f3xx_hal_uart.o
                0x080015ec                UART_AdvFeatureConfig
 .text.UART_WaitOnFlagUntilTimeout
                0x08001694       0x62 Drivers\STM32F3xx_HAL_Driver\Src\stm32f3xx_hal_uart.o
                0x08001694                UART_WaitOnFlagUntilTimeout
 .text.UART_CheckIdleState
                0x080016f6       0x64 Drivers\STM32F3xx_HAL_Driver\Src\stm32f3xx_hal_uart.o
                0x080016f6                UART_CheckIdleState
 .text.HAL_UART_Init
                0x0800175a       0x64 Drivers\STM32F3xx_HAL_Driver\Src\stm32f3xx_hal_uart.o
                0x0800175a                HAL_UART_Init
 .text.MAX6675_getTemp
                0x080017be       0x20 MAX6675\MAX6675.o
                0x080017be                MAX6675_getTemp
 .text.MAX6675_getState
                0x080017de        0x4 MAX6675\MAX6675.o
                0x080017de                MAX6675_getState
 *fill*         0x080017e2        0x2 
 .text.MAX6675_getValue
                0x080017e4       0x28 MAX6675\MAX6675.o
                0x080017e4                MAX6675_getValue
 .text.MAX6675_Create
                0x0800180c       0x30 MAX6675\MAX6675.o
                0x0800180c                MAX6675_Create
 .text.MX_GPIO_Init
                0x0800183c       0xa4 Src\gpio.o
                0x0800183c                MX_GPIO_Init
 .text.MX_I2C2_Init
                0x080018e0       0x58 Src\i2c.o
                0x080018e0                MX_I2C2_Init
 .text.HAL_I2C_MspInit
                0x08001938       0x6c Src\i2c.o
                0x08001938                HAL_I2C_MspInit
 .text.SystemClock_Config
                0x080019a4       0x66 Src\main.o
                0x080019a4                SystemClock_Config
 .text.startup.main
                0x08001a0a       0x32 Src\main.o
                0x08001a0a                main
 .text.Error_Handler
                0x08001a3c        0x2 Src\main.o
                0x08001a3c                Error_Handler
 *fill*         0x08001a3e        0x2 
 .text.MX_SPI3_Init
                0x08001a40       0x50 Src\spi.o
                0x08001a40                MX_SPI3_Init
 .text.HAL_SPI_MspInit
                0x08001a90       0xe0 Src\spi.o
                0x08001a90                HAL_SPI_MspInit
 .text.HAL_MspInit
                0x08001b70       0x38 Src\stm32f3xx_hal_msp.o
                0x08001b70                HAL_MspInit
 .text.NMI_Handler
                0x08001ba8        0x2 Src\stm32f3xx_it.o
                0x08001ba8                NMI_Handler
 .text.HardFault_Handler
                0x08001baa        0x2 Src\stm32f3xx_it.o
                0x08001baa                HardFault_Handler
 .text.MemManage_Handler
                0x08001bac        0x2 Src\stm32f3xx_it.o
                0x08001bac                MemManage_Handler
 .text.BusFault_Handler
                0x08001bae        0x2 Src\stm32f3xx_it.o
                0x08001bae                BusFault_Handler
 .text.UsageFault_Handler
                0x08001bb0        0x2 Src\stm32f3xx_it.o
                0x08001bb0                UsageFault_Handler
 .text.SVC_Handler
                0x08001bb2        0x2 Src\stm32f3xx_it.o
                0x08001bb2                SVC_Handler
 .text.DebugMon_Handler
                0x08001bb4        0x2 Src\stm32f3xx_it.o
                0x08001bb4                DebugMon_Handler
 .text.PendSV_Handler
                0x08001bb6        0x2 Src\stm32f3xx_it.o
                0x08001bb6                PendSV_Handler
 .text.SysTick_Handler
                0x08001bb8        0x4 Src\stm32f3xx_it.o
                0x08001bb8                SysTick_Handler
 .text.SystemInit
                0x08001bbc       0x68 Src\system_stm32f3xx.o
                0x08001bbc                SystemInit
 .text.MX_USART2_UART_Init
                0x08001c24       0x3c Src\usart.o
                0x08001c24                MX_USART2_UART_Init
 .text.HAL_UART_MspInit
                0x08001c60       0x60 Src\usart.o
                0x08001c60                HAL_UART_MspInit
 .text.Reset_Handler
                0x08001cc0       0x50 startup\startup_stm32f302x8.o
                0x08001cc0                Reset_Handler
 .text.Default_Handler
                0x08001d10        0x2 startup\startup_stm32f302x8.o
                0x08001d10                RTC_Alarm_IRQHandler
                0x08001d10                TIM1_CC_IRQHandler
                0x08001d10                USB_HP_IRQHandler
                0x08001d10                PVD_IRQHandler
                0x08001d10                TAMP_STAMP_IRQHandler
                0x08001d10                EXTI3_IRQHandler
                0x08001d10                I2C3_ER_IRQHandler
                0x08001d10                USB_HP_CAN_TX_IRQHandler
                0x08001d10                EXTI0_IRQHandler
                0x08001d10                I2C2_EV_IRQHandler
                0x08001d10                FPU_IRQHandler
                0x08001d10                TIM1_UP_TIM16_IRQHandler
                0x08001d10                CAN_SCE_IRQHandler
                0x08001d10                TIM6_DAC_IRQHandler
                0x08001d10                DMA1_Channel4_IRQHandler
                0x08001d10                ADC1_IRQHandler
                0x08001d10                USART3_IRQHandler
                0x08001d10                DMA1_Channel7_IRQHandler
                0x08001d10                CAN_RX1_IRQHandler
                0x08001d10                I2C1_EV_IRQHandler
                0x08001d10                DMA1_Channel6_IRQHandler
                0x08001d10                RCC_IRQHandler
                0x08001d10                DMA1_Channel1_IRQHandler
                0x08001d10                Default_Handler
                0x08001d10                USBWakeUp_RMP_IRQHandler
                0x08001d10                EXTI15_10_IRQHandler
                0x08001d10                COMP2_IRQHandler
                0x08001d10                I2C3_EV_IRQHandler
                0x08001d10                EXTI9_5_IRQHandler
                0x08001d10                RTC_WKUP_IRQHandler
                0x08001d10                SPI2_IRQHandler
                0x08001d10                USB_LP_CAN_RX0_IRQHandler
                0x08001d10                DMA1_Channel5_IRQHandler
                0x08001d10                USB_LP_IRQHandler
                0x08001d10                EXTI4_IRQHandler
                0x08001d10                TIM1_TRG_COM_TIM17_IRQHandler
                0x08001d10                DMA1_Channel3_IRQHandler
                0x08001d10                WWDG_IRQHandler
                0x08001d10                TIM2_IRQHandler
                0x08001d10                EXTI1_IRQHandler
                0x08001d10                COMP4_6_IRQHandler
                0x08001d10                USART2_IRQHandler
                0x08001d10                I2C2_ER_IRQHandler
                0x08001d10                DMA1_Channel2_IRQHandler
                0x08001d10                FLASH_IRQHandler
                0x08001d10                USART1_IRQHandler
                0x08001d10                SPI3_IRQHandler
                0x08001d10                I2C1_ER_IRQHandler
                0x08001d10                USBWakeUp_IRQHandler
                0x08001d10                EXTI2_TSC_IRQHandler
                0x08001d10                TIM1_BRK_TIM15_IRQHandler
 *fill*         0x08001d12        0x2 
 .text.__libc_init_array
                0x08001d14       0x48 c:/program files/atollic/truestudio for stm32 9.2.0/armtools/bin/../lib/gcc/arm-atollic-eabi/6.3.1/../../../../arm-atollic-eabi/lib/armv7e-m/fpu\libc_nano.a(lib_a-init.o)
                0x08001d14                __libc_init_array
 .text.malloc   0x08001d5c       0x10 c:/program files/atollic/truestudio for stm32 9.2.0/armtools/bin/../lib/gcc/arm-atollic-eabi/6.3.1/../../../../arm-atollic-eabi/lib/armv7e-m/fpu\libc_nano.a(lib_a-malloc.o)
                0x08001d5c                malloc
 .text.memset   0x08001d6c       0x10 c:/program files/atollic/truestudio for stm32 9.2.0/armtools/bin/../lib/gcc/arm-atollic-eabi/6.3.1/../../../../arm-atollic-eabi/lib/armv7e-m/fpu\libc_nano.a(lib_a-memset.o)
                0x08001d6c                memset
 .text._malloc_r
                0x08001d7c       0xbc c:/program files/atollic/truestudio for stm32 9.2.0/armtools/bin/../lib/gcc/arm-atollic-eabi/6.3.1/../../../../arm-atollic-eabi/lib/armv7e-m/fpu\libc_nano.a(lib_a-nano-mallocr.o)
                0x08001d7c                _malloc_r
 .text._sbrk_r  0x08001e38       0x20 c:/program files/atollic/truestudio for stm32 9.2.0/armtools/bin/../lib/gcc/arm-atollic-eabi/6.3.1/../../../../arm-atollic-eabi/lib/armv7e-m/fpu\libc_nano.a(lib_a-sbrkr.o)
                0x08001e38                _sbrk_r
 .text.__malloc_lock
                0x08001e58        0x2 c:/program files/atollic/truestudio for stm32 9.2.0/armtools/bin/../lib/gcc/arm-atollic-eabi/6.3.1/../../../../arm-atollic-eabi/lib/armv7e-m/fpu\libc_nano.a(lib_a-mlock.o)
                0x08001e58                __malloc_lock
 .text.__malloc_unlock
                0x08001e5a        0x2 c:/program files/atollic/truestudio for stm32 9.2.0/armtools/bin/../lib/gcc/arm-atollic-eabi/6.3.1/../../../../arm-atollic-eabi/lib/armv7e-m/fpu\libc_nano.a(lib_a-mlock.o)
                0x08001e5a                __malloc_unlock
 .text._sbrk    0x08001e5c       0x1c c:/program files/atollic/truestudio for stm32 9.2.0/armtools/bin/../lib/gcc/arm-atollic-eabi/6.3.1/../../../../arm-atollic-eabi/lib/armv7e-m/fpu\libnosys.a(sbrk.o)
                0x08001e5c                _sbrk
 *(.glue_7)
 .glue_7        0x08001e78        0x0 linker stubs
 *(.glue_7t)
 .glue_7t       0x08001e78        0x0 linker stubs
 *(.eh_frame)
 .eh_frame      0x08001e78        0x0 c:/program files/atollic/truestudio for stm32 9.2.0/armtools/bin/../lib/gcc/arm-atollic-eabi/6.3.1/armv7e-m/fpu/crtbegin.o
 *(.init)
 .init          0x08001e78        0x4 c:/program files/atollic/truestudio for stm32 9.2.0/armtools/bin/../lib/gcc/arm-atollic-eabi/6.3.1/armv7e-m/fpu/crti.o
                0x08001e78                _init
 .init          0x08001e7c        0x8 c:/program files/atollic/truestudio for stm32 9.2.0/armtools/bin/../lib/gcc/arm-atollic-eabi/6.3.1/armv7e-m/fpu/crtn.o
 *(.fini)
 .fini          0x08001e84        0x4 c:/program files/atollic/truestudio for stm32 9.2.0/armtools/bin/../lib/gcc/arm-atollic-eabi/6.3.1/armv7e-m/fpu/crti.o
                0x08001e84                _fini
 .fini          0x08001e88        0x8 c:/program files/atollic/truestudio for stm32 9.2.0/armtools/bin/../lib/gcc/arm-atollic-eabi/6.3.1/armv7e-m/fpu/crtn.o
                0x08001e90                . = ALIGN (0x4)
                0x08001e90                _etext = .

.vfp11_veneer   0x08001e90        0x0
 .vfp11_veneer  0x08001e90        0x0 linker stubs

.v4_bx          0x08001e90        0x0
 .v4_bx         0x08001e90        0x0 linker stubs

.iplt           0x08001e90        0x0
 .iplt          0x08001e90        0x0 c:/program files/atollic/truestudio for stm32 9.2.0/armtools/bin/../lib/gcc/arm-atollic-eabi/6.3.1/armv7e-m/fpu/crtbegin.o

.rodata         0x08001e90       0x3c
                0x08001e90                . = ALIGN (0x4)
 *(.rodata)
 *(.rodata*)
 .rodata.aPLLMULFactorTable
                0x08001e90       0x10 Drivers\STM32F3xx_HAL_Driver\Src\stm32f3xx_hal_rcc.o
                0x08001e90                aPLLMULFactorTable
 .rodata.aPredivFactorTable
                0x08001ea0       0x10 Drivers\STM32F3xx_HAL_Driver\Src\stm32f3xx_hal_rcc.o
                0x08001ea0                aPredivFactorTable
 .rodata.CSWTCH.45
                0x08001eb0        0x4 Drivers\STM32F3xx_HAL_Driver\Src\stm32f3xx_hal_uart.o
 .rodata.AHBPrescTable
                0x08001eb4       0x10 Src\system_stm32f3xx.o
                0x08001eb4                AHBPrescTable
 .rodata.APBPrescTable
                0x08001ec4        0x8 Src\system_stm32f3xx.o
                0x08001ec4                APBPrescTable
                0x08001ecc                . = ALIGN (0x4)

.rel.dyn        0x08001ecc        0x0
 .rel.iplt      0x08001ecc        0x0 c:/program files/atollic/truestudio for stm32 9.2.0/armtools/bin/../lib/gcc/arm-atollic-eabi/6.3.1/armv7e-m/fpu/crtbegin.o

.ARM.extab
 *(.ARM.extab* .gnu.linkonce.armextab.*)

.ARM            0x08001ecc        0x0
                0x08001ecc                __exidx_start = .
 *(.ARM.exidx*)
                0x08001ecc                __exidx_end = .

.preinit_array  0x08001ecc        0x0
                0x08001ecc                PROVIDE (__preinit_array_start, .)
 *(.preinit_array*)
                0x08001ecc                PROVIDE (__preinit_array_end, .)

.init_array     0x08001ecc        0x4
                0x08001ecc                PROVIDE (__init_array_start, .)
 *(SORT(.init_array.*))
 *(.init_array*)
 .init_array    0x08001ecc        0x4 c:/program files/atollic/truestudio for stm32 9.2.0/armtools/bin/../lib/gcc/arm-atollic-eabi/6.3.1/armv7e-m/fpu/crtbegin.o
                0x08001ed0                PROVIDE (__init_array_end, .)

.fini_array     0x08001ed0        0x4
                [!provide]                PROVIDE (__fini_array_start, .)
 *(SORT(.fini_array.*))
 *(.fini_array*)
 .fini_array    0x08001ed0        0x4 c:/program files/atollic/truestudio for stm32 9.2.0/armtools/bin/../lib/gcc/arm-atollic-eabi/6.3.1/armv7e-m/fpu/crtbegin.o
                [!provide]                PROVIDE (__fini_array_end, .)
                0x08001ed4                _sidata = LOADADDR (.data)

.data           0x20000000       0x70 load address 0x08001ed4
                0x20000000                . = ALIGN (0x4)
                0x20000000                _sdata = .
 *(.data)
 *(.data*)
 .data.uwTickFreq
                0x20000000        0x1 Drivers\STM32F3xx_HAL_Driver\Src\stm32f3xx_hal.o
                0x20000000                uwTickFreq
 *fill*         0x20000001        0x3 
 .data.uwTickPrio
                0x20000004        0x4 Drivers\STM32F3xx_HAL_Driver\Src\stm32f3xx_hal.o
                0x20000004                uwTickPrio
 .data.SystemCoreClock
                0x20000008        0x4 Src\system_stm32f3xx.o
                0x20000008                SystemCoreClock
 .data._impure_ptr
                0x2000000c        0x4 c:/program files/atollic/truestudio for stm32 9.2.0/armtools/bin/../lib/gcc/arm-atollic-eabi/6.3.1/../../../../arm-atollic-eabi/lib/armv7e-m/fpu\libc_nano.a(lib_a-impure.o)
                0x2000000c                _impure_ptr
 .data.impure_data
                0x20000010       0x60 c:/program files/atollic/truestudio for stm32 9.2.0/armtools/bin/../lib/gcc/arm-atollic-eabi/6.3.1/../../../../arm-atollic-eabi/lib/armv7e-m/fpu\libc_nano.a(lib_a-impure.o)
                0x20000070                . = ALIGN (0x4)
                0x20000070                _edata = .

.igot.plt       0x20000070        0x0 load address 0x08001f44
 .igot.plt      0x20000070        0x0 c:/program files/atollic/truestudio for stm32 9.2.0/armtools/bin/../lib/gcc/arm-atollic-eabi/6.3.1/armv7e-m/fpu/crtbegin.o
                0x20000070                . = ALIGN (0x4)

.bss            0x20000070      0x150 load address 0x08001f44
                0x20000070                _sbss = .
                0x20000070                __bss_start__ = _sbss
 *(.bss)
 .bss           0x20000070       0x1c c:/program files/atollic/truestudio for stm32 9.2.0/armtools/bin/../lib/gcc/arm-atollic-eabi/6.3.1/armv7e-m/fpu/crtbegin.o
 *(.bss*)
 .bss.__malloc_free_list
                0x2000008c        0x4 c:/program files/atollic/truestudio for stm32 9.2.0/armtools/bin/../lib/gcc/arm-atollic-eabi/6.3.1/../../../../arm-atollic-eabi/lib/armv7e-m/fpu\libc_nano.a(lib_a-nano-mallocr.o)
                0x2000008c                __malloc_free_list
 .bss.__malloc_sbrk_start
                0x20000090        0x4 c:/program files/atollic/truestudio for stm32 9.2.0/armtools/bin/../lib/gcc/arm-atollic-eabi/6.3.1/../../../../arm-atollic-eabi/lib/armv7e-m/fpu\libc_nano.a(lib_a-nano-mallocr.o)
                0x20000090                __malloc_sbrk_start
 .bss.heap_end.5239
                0x20000094        0x4 c:/program files/atollic/truestudio for stm32 9.2.0/armtools/bin/../lib/gcc/arm-atollic-eabi/6.3.1/../../../../arm-atollic-eabi/lib/armv7e-m/fpu\libnosys.a(sbrk.o)
 *(COMMON)
 COMMON         0x20000098        0x4 Drivers\STM32F3xx_HAL_Driver\Src\stm32f3xx_hal.o
                0x20000098                uwTick
 COMMON         0x2000009c       0x4c Src\i2c.o
                0x2000009c                hi2c2
 COMMON         0x200000e8       0x64 Src\spi.o
                0x200000e8                hspi3
 COMMON         0x2000014c       0x70 Src\usart.o
                0x2000014c                huart2
 COMMON         0x200001bc        0x4 c:/program files/atollic/truestudio for stm32 9.2.0/armtools/bin/../lib/gcc/arm-atollic-eabi/6.3.1/../../../../arm-atollic-eabi/lib/armv7e-m/fpu\libc_nano.a(lib_a-reent.o)
                0x200001bc                errno
                0x200001c0                . = ALIGN (0x4)
                0x200001c0                _ebss = .
                0x200001c0                __bss_end__ = _ebss

._user_heap_stack
                0x200001c0      0x600 load address 0x08001f44
                0x200001c0                . = ALIGN (0x4)
                0x200001c0                PROVIDE (end, .)
                [!provide]                PROVIDE (_end, .)
                0x200003c0                . = (. + _Min_Heap_Size)
 *fill*         0x200001c0      0x200 
                0x200007c0                . = (. + _Min_Stack_Size)
 *fill*         0x200003c0      0x400 
                0x200007c0                . = ALIGN (0x4)

/DISCARD/
 libc.a(*)
 libm.a(*)
 libgcc.a(*)

.ARM.attributes
                0x00000000       0x30
 *(.ARM.attributes)
 .ARM.attributes
                0x00000000       0x22 c:/program files/atollic/truestudio for stm32 9.2.0/armtools/bin/../lib/gcc/arm-atollic-eabi/6.3.1/armv7e-m/fpu/crti.o
 .ARM.attributes
                0x00000022       0x34 c:/program files/atollic/truestudio for stm32 9.2.0/armtools/bin/../lib/gcc/arm-atollic-eabi/6.3.1/armv7e-m/fpu/crtbegin.o
 .ARM.attributes
                0x00000056       0x39 Drivers\STM32F3xx_HAL_Driver\Src\stm32f3xx_hal.o
 .ARM.attributes
                0x0000008f       0x39 Drivers\STM32F3xx_HAL_Driver\Src\stm32f3xx_hal_cortex.o
 .ARM.attributes
                0x000000c8       0x39 Drivers\STM32F3xx_HAL_Driver\Src\stm32f3xx_hal_gpio.o
 .ARM.attributes
                0x00000101       0x39 Drivers\STM32F3xx_HAL_Driver\Src\stm32f3xx_hal_i2c.o
 .ARM.attributes
                0x0000013a       0x39 Drivers\STM32F3xx_HAL_Driver\Src\stm32f3xx_hal_i2c_ex.o
 .ARM.attributes
                0x00000173       0x39 Drivers\STM32F3xx_HAL_Driver\Src\stm32f3xx_hal_rcc.o
 .ARM.attributes
                0x000001ac       0x39 Drivers\STM32F3xx_HAL_Driver\Src\stm32f3xx_hal_rcc_ex.o
 .ARM.attributes
                0x000001e5       0x39 Drivers\STM32F3xx_HAL_Driver\Src\stm32f3xx_hal_spi.o
 .ARM.attributes
                0x0000021e       0x39 Drivers\STM32F3xx_HAL_Driver\Src\stm32f3xx_hal_uart.o
 .ARM.attributes
                0x00000257       0x39 MAX6675\MAX6675.o
 .ARM.attributes
                0x00000290       0x39 Src\gpio.o
 .ARM.attributes
                0x000002c9       0x39 Src\i2c.o
 .ARM.attributes
                0x00000302       0x39 Src\main.o
 .ARM.attributes
                0x0000033b       0x39 Src\spi.o
 .ARM.attributes
                0x00000374       0x39 Src\stm32f3xx_hal_msp.o
 .ARM.attributes
                0x000003ad       0x39 Src\stm32f3xx_it.o
 .ARM.attributes
                0x000003e6       0x39 Src\system_stm32f3xx.o
 .ARM.attributes
                0x0000041f       0x39 Src\usart.o
 .ARM.attributes
                0x00000458       0x21 startup\startup_stm32f302x8.o
 .ARM.attributes
                0x00000479       0x34 c:/program files/atollic/truestudio for stm32 9.2.0/armtools/bin/../lib/gcc/arm-atollic-eabi/6.3.1/../../../../arm-atollic-eabi/lib/armv7e-m/fpu\libc_nano.a(lib_a-init.o)
 .ARM.attributes
                0x000004ad       0x34 c:/program files/atollic/truestudio for stm32 9.2.0/armtools/bin/../lib/gcc/arm-atollic-eabi/6.3.1/../../../../arm-atollic-eabi/lib/armv7e-m/fpu\libc_nano.a(lib_a-malloc.o)
 .ARM.attributes
                0x000004e1       0x34 c:/program files/atollic/truestudio for stm32 9.2.0/armtools/bin/../lib/gcc/arm-atollic-eabi/6.3.1/../../../../arm-atollic-eabi/lib/armv7e-m/fpu\libc_nano.a(lib_a-memset.o)
 .ARM.attributes
                0x00000515       0x34 c:/program files/atollic/truestudio for stm32 9.2.0/armtools/bin/../lib/gcc/arm-atollic-eabi/6.3.1/../../../../arm-atollic-eabi/lib/armv7e-m/fpu\libc_nano.a(lib_a-nano-mallocr.o)
 .ARM.attributes
                0x00000549       0x34 c:/program files/atollic/truestudio for stm32 9.2.0/armtools/bin/../lib/gcc/arm-atollic-eabi/6.3.1/../../../../arm-atollic-eabi/lib/armv7e-m/fpu\libc_nano.a(lib_a-sbrkr.o)
 .ARM.attributes
                0x0000057d       0x34 c:/program files/atollic/truestudio for stm32 9.2.0/armtools/bin/../lib/gcc/arm-atollic-eabi/6.3.1/../../../../arm-atollic-eabi/lib/armv7e-m/fpu\libc_nano.a(lib_a-impure.o)
 .ARM.attributes
                0x000005b1       0x34 c:/program files/atollic/truestudio for stm32 9.2.0/armtools/bin/../lib/gcc/arm-atollic-eabi/6.3.1/../../../../arm-atollic-eabi/lib/armv7e-m/fpu\libc_nano.a(lib_a-mlock.o)
 .ARM.attributes
                0x000005e5       0x34 c:/program files/atollic/truestudio for stm32 9.2.0/armtools/bin/../lib/gcc/arm-atollic-eabi/6.3.1/../../../../arm-atollic-eabi/lib/armv7e-m/fpu\libc_nano.a(lib_a-reent.o)
 .ARM.attributes
                0x00000619       0x34 c:/program files/atollic/truestudio for stm32 9.2.0/armtools/bin/../lib/gcc/arm-atollic-eabi/6.3.1/../../../../arm-atollic-eabi/lib/armv7e-m/fpu\libnosys.a(sbrk.o)
 .ARM.attributes
                0x0000064d       0x22 c:/program files/atollic/truestudio for stm32 9.2.0/armtools/bin/../lib/gcc/arm-atollic-eabi/6.3.1/armv7e-m/fpu/crtn.o
OUTPUT(Termometro.elf elf32-littlearm)

.debug_info     0x00000000    0x182fa
 .debug_info    0x00000000     0x1054 Drivers\STM32F3xx_HAL_Driver\Src\stm32f3xx_hal.o
 .debug_info    0x00001054     0x14e8 Drivers\STM32F3xx_HAL_Driver\Src\stm32f3xx_hal_cortex.o
 .debug_info    0x0000253c      0xf36 Drivers\STM32F3xx_HAL_Driver\Src\stm32f3xx_hal_gpio.o
 .debug_info    0x00003472     0x3965 Drivers\STM32F3xx_HAL_Driver\Src\stm32f3xx_hal_i2c.o
 .debug_info    0x00006dd7     0x10ec Drivers\STM32F3xx_HAL_Driver\Src\stm32f3xx_hal_i2c_ex.o
 .debug_info    0x00007ec3     0x1bc7 Drivers\STM32F3xx_HAL_Driver\Src\stm32f3xx_hal_rcc.o
 .debug_info    0x00009a8a      0xeeb Drivers\STM32F3xx_HAL_Driver\Src\stm32f3xx_hal_rcc_ex.o
 .debug_info    0x0000a975     0x2847 Drivers\STM32F3xx_HAL_Driver\Src\stm32f3xx_hal_spi.o
 .debug_info    0x0000d1bc     0x2275 Drivers\STM32F3xx_HAL_Driver\Src\stm32f3xx_hal_uart.o
 .debug_info    0x0000f431     0x111b MAX6675\MAX6675.o
 .debug_info    0x0001054c      0xc9b Src\gpio.o
 .debug_info    0x000111e7     0x1213 Src\i2c.o
 .debug_info    0x000123fa     0x18f5 Src\main.o
 .debug_info    0x00013cef     0x123e Src\spi.o
 .debug_info    0x00014f2d      0xab2 Src\stm32f3xx_hal_msp.o
 .debug_info    0x000159df      0xa2e Src\stm32f3xx_it.o
 .debug_info    0x0001640d      0xc74 Src\system_stm32f3xx.o
 .debug_info    0x00017081     0x11ea Src\usart.o
 .debug_info    0x0001826b       0x8f startup\startup_stm32f302x8.o

.debug_abbrev   0x00000000     0x2fb6
 .debug_abbrev  0x00000000      0x2f5 Drivers\STM32F3xx_HAL_Driver\Src\stm32f3xx_hal.o
 .debug_abbrev  0x000002f5      0x374 Drivers\STM32F3xx_HAL_Driver\Src\stm32f3xx_hal_cortex.o
 .debug_abbrev  0x00000669      0x268 Drivers\STM32F3xx_HAL_Driver\Src\stm32f3xx_hal_gpio.o
 .debug_abbrev  0x000008d1      0x3b8 Drivers\STM32F3xx_HAL_Driver\Src\stm32f3xx_hal_i2c.o
 .debug_abbrev  0x00000c89      0x218 Drivers\STM32F3xx_HAL_Driver\Src\stm32f3xx_hal_i2c_ex.o
 .debug_abbrev  0x00000ea1      0x358 Drivers\STM32F3xx_HAL_Driver\Src\stm32f3xx_hal_rcc.o
 .debug_abbrev  0x000011f9      0x318 Drivers\STM32F3xx_HAL_Driver\Src\stm32f3xx_hal_rcc_ex.o
 .debug_abbrev  0x00001511      0x389 Drivers\STM32F3xx_HAL_Driver\Src\stm32f3xx_hal_spi.o
 .debug_abbrev  0x0000189a      0x384 Drivers\STM32F3xx_HAL_Driver\Src\stm32f3xx_hal_uart.o
 .debug_abbrev  0x00001c1e      0x27e MAX6675\MAX6675.o
 .debug_abbrev  0x00001e9c      0x204 Src\gpio.o
 .debug_abbrev  0x000020a0      0x24f Src\i2c.o
 .debug_abbrev  0x000022ef      0x261 Src\main.o
 .debug_abbrev  0x00002550      0x24d Src\spi.o
 .debug_abbrev  0x0000279d      0x1df Src\stm32f3xx_hal_msp.o
 .debug_abbrev  0x0000297c      0x1f9 Src\stm32f3xx_it.o
 .debug_abbrev  0x00002b75      0x1e2 Src\system_stm32f3xx.o
 .debug_abbrev  0x00002d57      0x24d Src\usart.o
 .debug_abbrev  0x00002fa4       0x12 startup\startup_stm32f302x8.o

.debug_loc      0x00000000     0x79c8
 .debug_loc     0x00000000      0x11b Drivers\STM32F3xx_HAL_Driver\Src\stm32f3xx_hal.o
 .debug_loc     0x0000011b      0x4da Drivers\STM32F3xx_HAL_Driver\Src\stm32f3xx_hal_cortex.o
 .debug_loc     0x000005f5      0x2ba Drivers\STM32F3xx_HAL_Driver\Src\stm32f3xx_hal_gpio.o
 .debug_loc     0x000008af     0x30e5 Drivers\STM32F3xx_HAL_Driver\Src\stm32f3xx_hal_i2c.o
 .debug_loc     0x00003994      0x1b8 Drivers\STM32F3xx_HAL_Driver\Src\stm32f3xx_hal_i2c_ex.o
 .debug_loc     0x00003b4c      0x8ea Drivers\STM32F3xx_HAL_Driver\Src\stm32f3xx_hal_rcc.o
 .debug_loc     0x00004436      0x5ac Drivers\STM32F3xx_HAL_Driver\Src\stm32f3xx_hal_rcc_ex.o
 .debug_loc     0x000049e2     0x1888 Drivers\STM32F3xx_HAL_Driver\Src\stm32f3xx_hal_spi.o
 .debug_loc     0x0000626a     0x146f Drivers\STM32F3xx_HAL_Driver\Src\stm32f3xx_hal_uart.o
 .debug_loc     0x000076d9       0xe7 MAX6675\MAX6675.o
 .debug_loc     0x000077c0       0x58 Src\i2c.o
 .debug_loc     0x00007818       0x1e Src\main.o
 .debug_loc     0x00007836       0x58 Src\spi.o
 .debug_loc     0x0000788e       0xe2 Src\system_stm32f3xx.o
 .debug_loc     0x00007970       0x58 Src\usart.o

.debug_aranges  0x00000000      0x9e8
 .debug_aranges
                0x00000000       0xd8 Drivers\STM32F3xx_HAL_Driver\Src\stm32f3xx_hal.o
 .debug_aranges
                0x000000d8       0x90 Drivers\STM32F3xx_HAL_Driver\Src\stm32f3xx_hal_cortex.o
 .debug_aranges
                0x00000168       0x58 Drivers\STM32F3xx_HAL_Driver\Src\stm32f3xx_hal_gpio.o
 .debug_aranges
                0x000001c0      0x200 Drivers\STM32F3xx_HAL_Driver\Src\stm32f3xx_hal_i2c.o
 .debug_aranges
                0x000003c0       0x48 Drivers\STM32F3xx_HAL_Driver\Src\stm32f3xx_hal_i2c_ex.o
 .debug_aranges
                0x00000408       0x88 Drivers\STM32F3xx_HAL_Driver\Src\stm32f3xx_hal_rcc.o
 .debug_aranges
                0x00000490       0x38 Drivers\STM32F3xx_HAL_Driver\Src\stm32f3xx_hal_rcc_ex.o
 .debug_aranges
                0x000004c8      0x198 Drivers\STM32F3xx_HAL_Driver\Src\stm32f3xx_hal_spi.o
 .debug_aranges
                0x00000660      0x1a0 Drivers\STM32F3xx_HAL_Driver\Src\stm32f3xx_hal_uart.o
 .debug_aranges
                0x00000800       0x50 MAX6675\MAX6675.o
 .debug_aranges
                0x00000850       0x20 Src\gpio.o
 .debug_aranges
                0x00000870       0x30 Src\i2c.o
 .debug_aranges
                0x000008a0       0x30 Src\main.o
 .debug_aranges
                0x000008d0       0x30 Src\spi.o
 .debug_aranges
                0x00000900       0x20 Src\stm32f3xx_hal_msp.o
 .debug_aranges
                0x00000920       0x48 Src\stm32f3xx_it.o
 .debug_aranges
                0x00000968       0x28 Src\system_stm32f3xx.o
 .debug_aranges
                0x00000990       0x30 Src\usart.o
 .debug_aranges
                0x000009c0       0x28 startup\startup_stm32f302x8.o

.debug_ranges   0x00000000      0xd50
 .debug_ranges  0x00000000       0xc8 Drivers\STM32F3xx_HAL_Driver\Src\stm32f3xx_hal.o
 .debug_ranges  0x000000c8      0x120 Drivers\STM32F3xx_HAL_Driver\Src\stm32f3xx_hal_cortex.o
 .debug_ranges  0x000001e8       0x68 Drivers\STM32F3xx_HAL_Driver\Src\stm32f3xx_hal_gpio.o
 .debug_ranges  0x00000250      0x268 Drivers\STM32F3xx_HAL_Driver\Src\stm32f3xx_hal_i2c.o
 .debug_ranges  0x000004b8       0x68 Drivers\STM32F3xx_HAL_Driver\Src\stm32f3xx_hal_i2c_ex.o
 .debug_ranges  0x00000520      0x1d8 Drivers\STM32F3xx_HAL_Driver\Src\stm32f3xx_hal_rcc.o
 .debug_ranges  0x000006f8       0x78 Drivers\STM32F3xx_HAL_Driver\Src\stm32f3xx_hal_rcc_ex.o
 .debug_ranges  0x00000770      0x248 Drivers\STM32F3xx_HAL_Driver\Src\stm32f3xx_hal_spi.o
 .debug_ranges  0x000009b8      0x190 Drivers\STM32F3xx_HAL_Driver\Src\stm32f3xx_hal_uart.o
 .debug_ranges  0x00000b48       0x40 MAX6675\MAX6675.o
 .debug_ranges  0x00000b88       0x48 Src\gpio.o
 .debug_ranges  0x00000bd0       0x20 Src\i2c.o
 .debug_ranges  0x00000bf0       0x20 Src\main.o
 .debug_ranges  0x00000c10       0x58 Src\spi.o
 .debug_ranges  0x00000c68       0x40 Src\stm32f3xx_hal_msp.o
 .debug_ranges  0x00000ca8       0x38 Src\stm32f3xx_it.o
 .debug_ranges  0x00000ce0       0x18 Src\system_stm32f3xx.o
 .debug_ranges  0x00000cf8       0x38 Src\usart.o
 .debug_ranges  0x00000d30       0x20 startup\startup_stm32f302x8.o

.debug_line     0x00000000     0x6ce9
 .debug_line    0x00000000      0x46b Drivers\STM32F3xx_HAL_Driver\Src\stm32f3xx_hal.o
 .debug_line    0x0000046b      0x44b Drivers\STM32F3xx_HAL_Driver\Src\stm32f3xx_hal_cortex.o
 .debug_line    0x000008b6      0x45a Drivers\STM32F3xx_HAL_Driver\Src\stm32f3xx_hal_gpio.o
 .debug_line    0x00000d10     0x15ae Drivers\STM32F3xx_HAL_Driver\Src\stm32f3xx_hal_i2c.o
 .debug_line    0x000022be      0x3f2 Drivers\STM32F3xx_HAL_Driver\Src\stm32f3xx_hal_i2c_ex.o
 .debug_line    0x000026b0      0x85f Drivers\STM32F3xx_HAL_Driver\Src\stm32f3xx_hal_rcc.o
 .debug_line    0x00002f0f      0x4e6 Drivers\STM32F3xx_HAL_Driver\Src\stm32f3xx_hal_rcc_ex.o
 .debug_line    0x000033f5      0xd01 Drivers\STM32F3xx_HAL_Driver\Src\stm32f3xx_hal_spi.o
 .debug_line    0x000040f6      0xd00 Drivers\STM32F3xx_HAL_Driver\Src\stm32f3xx_hal_uart.o
 .debug_line    0x00004df6      0x3a3 MAX6675\MAX6675.o
 .debug_line    0x00005199      0x2f6 Src\gpio.o
 .debug_line    0x0000548f      0x38e Src\i2c.o
 .debug_line    0x0000581d      0x48d Src\main.o
 .debug_line    0x00005caa      0x3b5 Src\spi.o
 .debug_line    0x0000605f      0x2eb Src\stm32f3xx_hal_msp.o
 .debug_line    0x0000634a      0x304 Src\stm32f3xx_it.o
 .debug_line    0x0000664e      0x2a5 Src\system_stm32f3xx.o
 .debug_line    0x000068f3      0x377 Src\usart.o
 .debug_line    0x00006c6a       0x7f startup\startup_stm32f302x8.o

.debug_str      0x00000000     0x3691
 .debug_str     0x00000000      0xcb9 Drivers\STM32F3xx_HAL_Driver\Src\stm32f3xx_hal.o
                                0xd5f (size before relaxing)
 .debug_str     0x00000cb9      0x2e1 Drivers\STM32F3xx_HAL_Driver\Src\stm32f3xx_hal_cortex.o
                                0xe50 (size before relaxing)
 .debug_str     0x00000f9a      0x1ee Drivers\STM32F3xx_HAL_Driver\Src\stm32f3xx_hal_gpio.o
                                0x975 (size before relaxing)
 .debug_str     0x00001188      0xbf9 Drivers\STM32F3xx_HAL_Driver\Src\stm32f3xx_hal_i2c.o
                               0x13a0 (size before relaxing)
 .debug_str     0x00001d81       0xf3 Drivers\STM32F3xx_HAL_Driver\Src\stm32f3xx_hal_i2c_ex.o
                                0xd0d (size before relaxing)
 .debug_str     0x00001e74      0x30a Drivers\STM32F3xx_HAL_Driver\Src\stm32f3xx_hal_rcc.o
                                0xb4b (size before relaxing)
 .debug_str     0x0000217e      0x204 Drivers\STM32F3xx_HAL_Driver\Src\stm32f3xx_hal_rcc_ex.o
                                0xa0d (size before relaxing)
 .debug_str     0x00002382      0x71f Drivers\STM32F3xx_HAL_Driver\Src\stm32f3xx_hal_spi.o
                               0x1091 (size before relaxing)
 .debug_str     0x00002aa1      0x8c1 Drivers\STM32F3xx_HAL_Driver\Src\stm32f3xx_hal_uart.o
                               0x1360 (size before relaxing)
 .debug_str     0x00003362       0xf0 MAX6675\MAX6675.o
                                0xba5 (size before relaxing)
 .debug_str     0x00003452       0x32 Src\gpio.o
                                0x800 (size before relaxing)
 .debug_str     0x00003484       0x38 Src\i2c.o
                                0xd0e (size before relaxing)
 .debug_str     0x000034bc       0x93 Src\main.o
                               0x135f (size before relaxing)
 .debug_str     0x0000354f       0x17 Src\spi.o
                                0xc1d (size before relaxing)
 .debug_str     0x00003566       0x1b Src\stm32f3xx_hal_msp.o
                                0x765 (size before relaxing)
 .debug_str     0x00003581       0xa6 Src\stm32f3xx_it.o
                                0x779 (size before relaxing)
 .debug_str     0x00003627       0x50 Src\system_stm32f3xx.o
                                0x7c8 (size before relaxing)
 .debug_str     0x00003677       0x1a Src\usart.o
                                0xcb5 (size before relaxing)

.comment        0x00000000       0x7c
 .comment       0x00000000       0x7c Drivers\STM32F3xx_HAL_Driver\Src\stm32f3xx_hal.o
                                 0x7d (size before relaxing)
 .comment       0x0000007c       0x7d Drivers\STM32F3xx_HAL_Driver\Src\stm32f3xx_hal_cortex.o
 .comment       0x0000007c       0x7d Drivers\STM32F3xx_HAL_Driver\Src\stm32f3xx_hal_gpio.o
 .comment       0x0000007c       0x7d Drivers\STM32F3xx_HAL_Driver\Src\stm32f3xx_hal_i2c.o
 .comment       0x0000007c       0x7d Drivers\STM32F3xx_HAL_Driver\Src\stm32f3xx_hal_i2c_ex.o
 .comment       0x0000007c       0x7d Drivers\STM32F3xx_HAL_Driver\Src\stm32f3xx_hal_rcc.o
 .comment       0x0000007c       0x7d Drivers\STM32F3xx_HAL_Driver\Src\stm32f3xx_hal_rcc_ex.o
 .comment       0x0000007c       0x7d Drivers\STM32F3xx_HAL_Driver\Src\stm32f3xx_hal_spi.o
 .comment       0x0000007c       0x7d Drivers\STM32F3xx_HAL_Driver\Src\stm32f3xx_hal_uart.o
 .comment       0x0000007c       0x7d MAX6675\MAX6675.o
 .comment       0x0000007c       0x7d Src\gpio.o
 .comment       0x0000007c       0x7d Src\i2c.o
 .comment       0x0000007c       0x7d Src\main.o
 .comment       0x0000007c       0x7d Src\spi.o
 .comment       0x0000007c       0x7d Src\stm32f3xx_hal_msp.o
 .comment       0x0000007c       0x7d Src\stm32f3xx_it.o
 .comment       0x0000007c       0x7d Src\system_stm32f3xx.o
 .comment       0x0000007c       0x7d Src\usart.o

.debug_frame    0x00000000     0x1e60
 .debug_frame   0x00000000      0x1d0 Drivers\STM32F3xx_HAL_Driver\Src\stm32f3xx_hal.o
 .debug_frame   0x000001d0      0x120 Drivers\STM32F3xx_HAL_Driver\Src\stm32f3xx_hal_cortex.o
 .debug_frame   0x000002f0       0xd8 Drivers\STM32F3xx_HAL_Driver\Src\stm32f3xx_hal_gpio.o
 .debug_frame   0x000003c8      0x804 Drivers\STM32F3xx_HAL_Driver\Src\stm32f3xx_hal_i2c.o
 .debug_frame   0x00000bcc       0x90 Drivers\STM32F3xx_HAL_Driver\Src\stm32f3xx_hal_i2c_ex.o
 .debug_frame   0x00000c5c      0x14c Drivers\STM32F3xx_HAL_Driver\Src\stm32f3xx_hal_rcc.o
 .debug_frame   0x00000da8       0xa8 Drivers\STM32F3xx_HAL_Driver\Src\stm32f3xx_hal_rcc_ex.o
 .debug_frame   0x00000e50      0x5bc Drivers\STM32F3xx_HAL_Driver\Src\stm32f3xx_hal_spi.o
 .debug_frame   0x0000140c      0x568 Drivers\STM32F3xx_HAL_Driver\Src\stm32f3xx_hal_uart.o
 .debug_frame   0x00001974       0xa8 MAX6675\MAX6675.o
 .debug_frame   0x00001a1c       0x34 Src\gpio.o
 .debug_frame   0x00001a50       0x60 Src\i2c.o
 .debug_frame   0x00001ab0       0x58 Src\main.o
 .debug_frame   0x00001b08       0x78 Src\spi.o
 .debug_frame   0x00001b80       0x28 Src\stm32f3xx_hal_msp.o
 .debug_frame   0x00001ba8       0xa0 Src\stm32f3xx_it.o
 .debug_frame   0x00001c48       0x38 Src\system_stm32f3xx.o
 .debug_frame   0x00001c80       0x60 Src\usart.o
 .debug_frame   0x00001ce0       0x2c c:/program files/atollic/truestudio for stm32 9.2.0/armtools/bin/../lib/gcc/arm-atollic-eabi/6.3.1/../../../../arm-atollic-eabi/lib/armv7e-m/fpu\libc_nano.a(lib_a-init.o)
 .debug_frame   0x00001d0c       0x30 c:/program files/atollic/truestudio for stm32 9.2.0/armtools/bin/../lib/gcc/arm-atollic-eabi/6.3.1/../../../../arm-atollic-eabi/lib/armv7e-m/fpu\libc_nano.a(lib_a-malloc.o)
 .debug_frame   0x00001d3c       0x20 c:/program files/atollic/truestudio for stm32 9.2.0/armtools/bin/../lib/gcc/arm-atollic-eabi/6.3.1/../../../../arm-atollic-eabi/lib/armv7e-m/fpu\libc_nano.a(lib_a-memset.o)
 .debug_frame   0x00001d5c       0x2c c:/program files/atollic/truestudio for stm32 9.2.0/armtools/bin/../lib/gcc/arm-atollic-eabi/6.3.1/../../../../arm-atollic-eabi/lib/armv7e-m/fpu\libc_nano.a(lib_a-nano-mallocr.o)
 .debug_frame   0x00001d88       0x2c c:/program files/atollic/truestudio for stm32 9.2.0/armtools/bin/../lib/gcc/arm-atollic-eabi/6.3.1/../../../../arm-atollic-eabi/lib/armv7e-m/fpu\libc_nano.a(lib_a-sbrkr.o)
 .debug_frame   0x00001db4       0x30 c:/program files/atollic/truestudio for stm32 9.2.0/armtools/bin/../lib/gcc/arm-atollic-eabi/6.3.1/../../../../arm-atollic-eabi/lib/armv7e-m/fpu\libc_nano.a(lib_a-mlock.o)
 .debug_frame   0x00001de4       0x5c c:/program files/atollic/truestudio for stm32 9.2.0/armtools/bin/../lib/gcc/arm-atollic-eabi/6.3.1/../../../../arm-atollic-eabi/lib/armv7e-m/fpu\libc_nano.a(lib_a-reent.o)
 .debug_frame   0x00001e40       0x20 c:/program files/atollic/truestudio for stm32 9.2.0/armtools/bin/../lib/gcc/arm-atollic-eabi/6.3.1/../../../../arm-atollic-eabi/lib/armv7e-m/fpu\libnosys.a(sbrk.o)
